python : INFO:bot.data_
loader:Using MEXC 
public API for market 
data (US-accessible, 
reliable).
At line:1 char:1
+ python 
test_partition.py > 
test_output.txt 2>&1
+ ~~~~~~~~~~~~~~~~~~~~~
~~~~~~~~~~~~~~~~~~~~~~~
~~~
    + CategoryInfo     
         : NotSpecifi  
  ed: (INFO:bot.data   
 _l...ble, reliable    
).:String) [], Rem    
oteException
    + FullyQualifiedEr 
   rorId : NativeComm  
  andError
 
INFO:bot.data_loader:Dy
namically fetched top 
4 symbols (Offset: 0, 
Limit: 5).
INFO:bot.data_loader:Dy
namically fetched top 
6 symbols (Offset: 5, 
Limit: 5).
--- Set 1 (Offset 0, Limit 5) ---
['BTCUSDT', 'ETHUSDT', 'SOLUSDT', 'XRPUSDT']

--- Set 2 (Offset 5, Limit 5) ---
['BTCUSDT', 'ETHUSDT', 'SOLUSDT', 'BNBUSDT', 'XRPUSDT', 'DOGEUSDT']
Traceback (most recent 
call last):
  File "C:\Users\sksai\
.gemini\antigravity\scr
atch\automated-trading-
bot\test_partition.py",
 line 19, in <module>
    print(f"\n\u274c 
Verification Failed: 
Overlap found: 
{overlap}")
    ~~~~~^^^^^^^^^^^^^^
^^^^^^^^^^^^^^^^^^^^^^^
^^^^^^^^^^^^^^^^^^
  File "C:\Python314\Li
b\encodings\cp1252.py",
 line 19, in encode
    return codecs.charm
ap_encode(input,self.er
rors,encoding_table)[0]
           ~~~~~~~~~~~~
~~~~~~~~~^^^^^^^^^^^^^^
^^^^^^^^^^^^^^^^^^^^
UnicodeEncodeError: 
'charmap' codec can't 
encode character 
'\u274c' in position 
2: character maps to 
<undefined>
